<?xml version="1.0" encoding="UTF-8"?>
<TestRun id="51b8f52f-23d7-4e42-aed7-205efb3c4158" name="Max_name_user@MAX 2017-11-21 08:26:18" runUser="Max\Max_name_user" xmlns="http://microsoft.com/schemas/VisualStudio/TeamTest/2010">
  <Times creation="2017-11-21T08:26:19.0214830+02:00" queuing="2017-11-21T08:26:19.0214830+02:00" start="2017-11-21T08:26:18.3018664+02:00" finish="2017-11-21T08:26:19.1203725+02:00" />
  <TestSettings name="default" id="887efd46-522e-4de6-92f5-41aa2a28e23e">
    <Execution>
      <TestTypeSpecific />
    </Execution>
    <Deployment runDeploymentRoot="Max_name_user_MAX 2017-11-21 08_26_18" />
    <Properties />
  </TestSettings>
  <Results>
    <UnitTestResult executionId="b0059f8b-0eef-487f-a4c7-58114830e46f" testId="b1ea82cb-6500-45bc-e1d4-2774e31e0297" testName="Create_tree_with_first_null_arg_Error" computerName="MAX" duration="00:00:00.0651171" startTime="2017-11-21T08:26:18.3018664+02:00" endTime="2017-11-21T08:26:18.8565805+02:00" testType="13cdc9d9-ddb5-4fa4-a97d-d965ccfc6d4b" outcome="Passed" testListId="8c84fa94-04c1-424b-9868-57a2d4851a1d" relativeResultsDirectory="b0059f8b-0eef-487f-a4c7-58114830e46f" />
    <UnitTestResult executionId="39e870d5-e12c-4e1c-adc0-f7d371e33601" testId="6cc5f864-0874-7ef7-afb1-6a89b2ad8c3b" testName="Create_tree_with_second_null_arg_Error" computerName="MAX" duration="00:00:00.0011208" startTime="2017-11-21T08:26:18.8745924+02:00" endTime="2017-11-21T08:26:18.8755931+02:00" testType="13cdc9d9-ddb5-4fa4-a97d-d965ccfc6d4b" outcome="Passed" testListId="8c84fa94-04c1-424b-9868-57a2d4851a1d" relativeResultsDirectory="39e870d5-e12c-4e1c-adc0-f7d371e33601" />
    <UnitTestResult executionId="ca52d3bb-1d64-4509-aa67-4ef85df00126" testId="ec3657f5-3480-4640-906c-f2e7d893c63f" testName="take_value_with_non_existing_index_Error" computerName="MAX" duration="00:00:00.0018037" startTime="2017-11-21T08:26:18.8765946+02:00" endTime="2017-11-21T08:26:18.8785955+02:00" testType="13cdc9d9-ddb5-4fa4-a97d-d965ccfc6d4b" outcome="Passed" testListId="8c84fa94-04c1-424b-9868-57a2d4851a1d" relativeResultsDirectory="ca52d3bb-1d64-4509-aa67-4ef85df00126" />
    <UnitTestResult executionId="7b2e5008-9f59-42b1-90b3-52eeb622d6e5" testId="594a4e98-a7d0-6ed6-2271-88a79f791ba2" testName="Add_elem_with_error_index_Error" computerName="MAX" duration="00:00:00.0173927" startTime="2017-11-21T08:26:18.8785955+02:00" endTime="2017-11-21T08:26:18.8966070+02:00" testType="13cdc9d9-ddb5-4fa4-a97d-d965ccfc6d4b" outcome="Passed" testListId="8c84fa94-04c1-424b-9868-57a2d4851a1d" relativeResultsDirectory="7b2e5008-9f59-42b1-90b3-52eeb622d6e5" />
    <UnitTestResult executionId="9b5bccd7-2789-441b-a742-d844420f9516" testId="677cc7bc-c77c-ab41-8558-26fbf85e30d9" testName="Delete_elem_with_non_existing_index_Error" computerName="MAX" duration="00:00:00.0077059" startTime="2017-11-21T08:26:18.8966070+02:00" endTime="2017-11-21T08:26:18.9046132+02:00" testType="13cdc9d9-ddb5-4fa4-a97d-d965ccfc6d4b" outcome="Passed" testListId="8c84fa94-04c1-424b-9868-57a2d4851a1d" relativeResultsDirectory="9b5bccd7-2789-441b-a742-d844420f9516" />
    <UnitTestResult executionId="b3e24d1a-41f7-427d-9f5a-6e96707787f0" testId="6e558a0d-822e-2d8f-9d9c-7c3139cb7a94" testName="Create_empty_tree" computerName="MAX" duration="00:00:00.0025589" startTime="2017-11-21T08:26:18.9046132+02:00" endTime="2017-11-21T08:26:18.9076147+02:00" testType="13cdc9d9-ddb5-4fa4-a97d-d965ccfc6d4b" outcome="Passed" testListId="8c84fa94-04c1-424b-9868-57a2d4851a1d" relativeResultsDirectory="b3e24d1a-41f7-427d-9f5a-6e96707787f0" />
    <UnitTestResult executionId="0ec4b202-4168-4735-836b-0a7289c808db" testId="764bf849-4a2c-0d04-b463-8a28a2780bd4" testName="Add_elem_Success" computerName="MAX" duration="00:00:00.0026881" startTime="2017-11-21T08:26:18.9076147+02:00" endTime="2017-11-21T08:26:18.9106167+02:00" testType="13cdc9d9-ddb5-4fa4-a97d-d965ccfc6d4b" outcome="Passed" testListId="8c84fa94-04c1-424b-9868-57a2d4851a1d" relativeResultsDirectory="0ec4b202-4168-4735-836b-0a7289c808db" />
    <UnitTestResult executionId="6d055b03-5d4d-4eba-a108-af343602f259" testId="f16fe30e-19f8-0573-8146-d33d1a6c1d97" testName="Replace_elem_at_end_Success" computerName="MAX" duration="00:00:00.0021963" startTime="2017-11-21T08:26:18.9106167+02:00" endTime="2017-11-21T08:26:18.9136200+02:00" testType="13cdc9d9-ddb5-4fa4-a97d-d965ccfc6d4b" outcome="Passed" testListId="8c84fa94-04c1-424b-9868-57a2d4851a1d" relativeResultsDirectory="6d055b03-5d4d-4eba-a108-af343602f259" />
    <UnitTestResult executionId="bc30369a-395a-43ae-9c8e-37ed4f5aabc2" testId="5e9a3f48-9e15-d132-3e5d-d05db1847c80" testName="Replace_elem_at_begin_Success" computerName="MAX" duration="00:00:00.0015215" startTime="2017-11-21T08:26:18.9136200+02:00" endTime="2017-11-21T08:26:18.9156201+02:00" testType="13cdc9d9-ddb5-4fa4-a97d-d965ccfc6d4b" outcome="Passed" testListId="8c84fa94-04c1-424b-9868-57a2d4851a1d" relativeResultsDirectory="bc30369a-395a-43ae-9c8e-37ed4f5aabc2" />
    <UnitTestResult executionId="125d36aa-9177-49b5-aeeb-56918c854681" testId="2f410aca-2dcd-d4dd-5a7b-5e01e8db18ab" testName="Search_sum_on_range_Success" computerName="MAX" duration="00:00:00.0028369" startTime="2017-11-21T08:26:18.9226243+02:00" endTime="2017-11-21T08:26:18.9266269+02:00" testType="13cdc9d9-ddb5-4fa4-a97d-d965ccfc6d4b" outcome="Passed" testListId="8c84fa94-04c1-424b-9868-57a2d4851a1d" relativeResultsDirectory="125d36aa-9177-49b5-aeeb-56918c854681" />
    <UnitTestResult executionId="72dcafd1-fc3b-4494-b14c-181b1ae44898" testId="3c679210-26b0-75b2-3cc9-f4fcfa235a48" testName="Search_min_on_range_Success" computerName="MAX" duration="00:00:00.0011233" startTime="2017-11-21T08:26:18.9266269+02:00" endTime="2017-11-21T08:26:18.9276280+02:00" testType="13cdc9d9-ddb5-4fa4-a97d-d965ccfc6d4b" outcome="Passed" testListId="8c84fa94-04c1-424b-9868-57a2d4851a1d" relativeResultsDirectory="72dcafd1-fc3b-4494-b14c-181b1ae44898" />
    <UnitTestResult executionId="d8d1a9bf-6221-45a1-860a-59560425fed0" testId="a3718bcb-6a0d-24ba-1542-46b813a705b9" testName="Search_max_on_range_Success" computerName="MAX" duration="00:00:00.0011640" startTime="2017-11-21T08:26:18.9276280+02:00" endTime="2017-11-21T08:26:18.9296289+02:00" testType="13cdc9d9-ddb5-4fa4-a97d-d965ccfc6d4b" outcome="Passed" testListId="8c84fa94-04c1-424b-9868-57a2d4851a1d" relativeResultsDirectory="d8d1a9bf-6221-45a1-860a-59560425fed0" />
    <UnitTestResult executionId="e4722040-4a06-45dc-be62-4d22a185d786" testId="d8b8fb80-3dbf-68ae-7acf-4e2e5ab8f625" testName="Search_sum_on_range_less_zero_Success" computerName="MAX" duration="00:00:00.0008728" startTime="2017-11-21T08:26:18.9296289+02:00" endTime="2017-11-21T08:26:18.9306300+02:00" testType="13cdc9d9-ddb5-4fa4-a97d-d965ccfc6d4b" outcome="Passed" testListId="8c84fa94-04c1-424b-9868-57a2d4851a1d" relativeResultsDirectory="e4722040-4a06-45dc-be62-4d22a185d786" />
    <UnitTestResult executionId="9426f2bc-6058-434f-a21a-edbb6b384f3a" testId="d15b303d-74d9-6181-a336-fa33b27af5f1" testName="Search_min_on_less_zero_range_Success" computerName="MAX" duration="00:00:00.0011071" startTime="2017-11-21T08:26:18.9306300+02:00" endTime="2017-11-21T08:26:18.9326313+02:00" testType="13cdc9d9-ddb5-4fa4-a97d-d965ccfc6d4b" outcome="Passed" testListId="8c84fa94-04c1-424b-9868-57a2d4851a1d" relativeResultsDirectory="9426f2bc-6058-434f-a21a-edbb6b384f3a" />
    <UnitTestResult executionId="1f0fcea5-3ec2-4172-a90d-71b4015bbc4b" testId="6d83281c-b543-2643-79ab-cbb63330a3fc" testName="Search_max_on_less_zero_range_Success" computerName="MAX" duration="00:00:00.0012760" startTime="2017-11-21T08:26:18.9326313+02:00" endTime="2017-11-21T08:26:18.9346327+02:00" testType="13cdc9d9-ddb5-4fa4-a97d-d965ccfc6d4b" outcome="Passed" testListId="8c84fa94-04c1-424b-9868-57a2d4851a1d" relativeResultsDirectory="1f0fcea5-3ec2-4172-a90d-71b4015bbc4b" />
  </Results>
  <TestDefinitions>
    <UnitTest name="Create_tree_with_first_null_arg_Error" storage="e:\3_1\ipz\33\kursova\test_to_kursova\bin\debug\test_to_kursova.dll" id="b1ea82cb-6500-45bc-e1d4-2774e31e0297">
      <Execution id="b0059f8b-0eef-487f-a4c7-58114830e46f" />
      <TestMethod codeBase="E:\3_1\IPZ\33\kursova\Test_to_kursova\bin\Debug\Test_to_kursova.dll" adapterTypeName="Microsoft.VisualStudio.TestTools.TestTypes.Unit.UnitTestAdapter" className="Test_to_kursova.SegmentTree" name="Create_tree_with_first_null_arg_Error" />
    </UnitTest>
    <UnitTest name="Create_tree_with_second_null_arg_Error" storage="e:\3_1\ipz\33\kursova\test_to_kursova\bin\debug\test_to_kursova.dll" id="6cc5f864-0874-7ef7-afb1-6a89b2ad8c3b">
      <Execution id="39e870d5-e12c-4e1c-adc0-f7d371e33601" />
      <TestMethod codeBase="E:\3_1\IPZ\33\kursova\Test_to_kursova\bin\Debug\Test_to_kursova.dll" adapterTypeName="Microsoft.VisualStudio.TestTools.TestTypes.Unit.UnitTestAdapter" className="Test_to_kursova.SegmentTree" name="Create_tree_with_second_null_arg_Error" />
    </UnitTest>
    <UnitTest name="take_value_with_non_existing_index_Error" storage="e:\3_1\ipz\33\kursova\test_to_kursova\bin\debug\test_to_kursova.dll" id="ec3657f5-3480-4640-906c-f2e7d893c63f">
      <Execution id="ca52d3bb-1d64-4509-aa67-4ef85df00126" />
      <TestMethod codeBase="E:\3_1\IPZ\33\kursova\Test_to_kursova\bin\Debug\Test_to_kursova.dll" adapterTypeName="Microsoft.VisualStudio.TestTools.TestTypes.Unit.UnitTestAdapter" className="Test_to_kursova.SegmentTree" name="take_value_with_non_existing_index_Error" />
    </UnitTest>
    <UnitTest name="Add_elem_with_error_index_Error" storage="e:\3_1\ipz\33\kursova\test_to_kursova\bin\debug\test_to_kursova.dll" id="594a4e98-a7d0-6ed6-2271-88a79f791ba2">
      <Execution id="7b2e5008-9f59-42b1-90b3-52eeb622d6e5" />
      <TestMethod codeBase="E:\3_1\IPZ\33\kursova\Test_to_kursova\bin\Debug\Test_to_kursova.dll" adapterTypeName="Microsoft.VisualStudio.TestTools.TestTypes.Unit.UnitTestAdapter" className="Test_to_kursova.SegmentTree" name="Add_elem_with_error_index_Error" />
    </UnitTest>
    <UnitTest name="Delete_elem_with_non_existing_index_Error" storage="e:\3_1\ipz\33\kursova\test_to_kursova\bin\debug\test_to_kursova.dll" id="677cc7bc-c77c-ab41-8558-26fbf85e30d9">
      <Execution id="9b5bccd7-2789-441b-a742-d844420f9516" />
      <TestMethod codeBase="E:\3_1\IPZ\33\kursova\Test_to_kursova\bin\Debug\Test_to_kursova.dll" adapterTypeName="Microsoft.VisualStudio.TestTools.TestTypes.Unit.UnitTestAdapter" className="Test_to_kursova.SegmentTree" name="Delete_elem_with_non_existing_index_Error" />
    </UnitTest>
    <UnitTest name="Create_empty_tree" storage="e:\3_1\ipz\33\kursova\test_to_kursova\bin\debug\test_to_kursova.dll" id="6e558a0d-822e-2d8f-9d9c-7c3139cb7a94">
      <Execution id="b3e24d1a-41f7-427d-9f5a-6e96707787f0" />
      <TestMethod codeBase="E:\3_1\IPZ\33\kursova\Test_to_kursova\bin\Debug\Test_to_kursova.dll" adapterTypeName="Microsoft.VisualStudio.TestTools.TestTypes.Unit.UnitTestAdapter" className="Test_to_kursova.SegmentTree" name="Create_empty_tree" />
    </UnitTest>
    <UnitTest name="Add_elem_Success" storage="e:\3_1\ipz\33\kursova\test_to_kursova\bin\debug\test_to_kursova.dll" id="764bf849-4a2c-0d04-b463-8a28a2780bd4">
      <Execution id="0ec4b202-4168-4735-836b-0a7289c808db" />
      <TestMethod codeBase="E:\3_1\IPZ\33\kursova\Test_to_kursova\bin\Debug\Test_to_kursova.dll" adapterTypeName="Microsoft.VisualStudio.TestTools.TestTypes.Unit.UnitTestAdapter" className="Test_to_kursova.SegmentTree" name="Add_elem_Success" />
    </UnitTest>
    <UnitTest name="Replace_elem_at_end_Success" storage="e:\3_1\ipz\33\kursova\test_to_kursova\bin\debug\test_to_kursova.dll" id="f16fe30e-19f8-0573-8146-d33d1a6c1d97">
      <Execution id="6d055b03-5d4d-4eba-a108-af343602f259" />
      <TestMethod codeBase="E:\3_1\IPZ\33\kursova\Test_to_kursova\bin\Debug\Test_to_kursova.dll" adapterTypeName="Microsoft.VisualStudio.TestTools.TestTypes.Unit.UnitTestAdapter" className="Test_to_kursova.SegmentTree" name="Replace_elem_at_end_Success" />
    </UnitTest>
    <UnitTest name="Replace_elem_at_begin_Success" storage="e:\3_1\ipz\33\kursova\test_to_kursova\bin\debug\test_to_kursova.dll" id="5e9a3f48-9e15-d132-3e5d-d05db1847c80">
      <Execution id="bc30369a-395a-43ae-9c8e-37ed4f5aabc2" />
      <TestMethod codeBase="E:\3_1\IPZ\33\kursova\Test_to_kursova\bin\Debug\Test_to_kursova.dll" adapterTypeName="Microsoft.VisualStudio.TestTools.TestTypes.Unit.UnitTestAdapter" className="Test_to_kursova.SegmentTree" name="Replace_elem_at_begin_Success" />
    </UnitTest>
    <UnitTest name="Search_sum_on_range_Success" storage="e:\3_1\ipz\33\kursova\test_to_kursova\bin\debug\test_to_kursova.dll" id="2f410aca-2dcd-d4dd-5a7b-5e01e8db18ab">
      <Execution id="125d36aa-9177-49b5-aeeb-56918c854681" />
      <TestMethod codeBase="E:\3_1\IPZ\33\kursova\Test_to_kursova\bin\Debug\Test_to_kursova.dll" adapterTypeName="Microsoft.VisualStudio.TestTools.TestTypes.Unit.UnitTestAdapter" className="Test_to_kursova.SegmentTree" name="Search_sum_on_range_Success" />
    </UnitTest>
    <UnitTest name="Search_min_on_range_Success" storage="e:\3_1\ipz\33\kursova\test_to_kursova\bin\debug\test_to_kursova.dll" id="3c679210-26b0-75b2-3cc9-f4fcfa235a48">
      <Execution id="72dcafd1-fc3b-4494-b14c-181b1ae44898" />
      <TestMethod codeBase="E:\3_1\IPZ\33\kursova\Test_to_kursova\bin\Debug\Test_to_kursova.dll" adapterTypeName="Microsoft.VisualStudio.TestTools.TestTypes.Unit.UnitTestAdapter" className="Test_to_kursova.SegmentTree" name="Search_min_on_range_Success" />
    </UnitTest>
    <UnitTest name="Search_max_on_range_Success" storage="e:\3_1\ipz\33\kursova\test_to_kursova\bin\debug\test_to_kursova.dll" id="a3718bcb-6a0d-24ba-1542-46b813a705b9">
      <Execution id="d8d1a9bf-6221-45a1-860a-59560425fed0" />
      <TestMethod codeBase="E:\3_1\IPZ\33\kursova\Test_to_kursova\bin\Debug\Test_to_kursova.dll" adapterTypeName="Microsoft.VisualStudio.TestTools.TestTypes.Unit.UnitTestAdapter" className="Test_to_kursova.SegmentTree" name="Search_max_on_range_Success" />
    </UnitTest>
    <UnitTest name="Search_sum_on_range_less_zero_Success" storage="e:\3_1\ipz\33\kursova\test_to_kursova\bin\debug\test_to_kursova.dll" id="d8b8fb80-3dbf-68ae-7acf-4e2e5ab8f625">
      <Execution id="e4722040-4a06-45dc-be62-4d22a185d786" />
      <TestMethod codeBase="E:\3_1\IPZ\33\kursova\Test_to_kursova\bin\Debug\Test_to_kursova.dll" adapterTypeName="Microsoft.VisualStudio.TestTools.TestTypes.Unit.UnitTestAdapter" className="Test_to_kursova.SegmentTree" name="Search_sum_on_range_less_zero_Success" />
    </UnitTest>
    <UnitTest name="Search_min_on_less_zero_range_Success" storage="e:\3_1\ipz\33\kursova\test_to_kursova\bin\debug\test_to_kursova.dll" id="d15b303d-74d9-6181-a336-fa33b27af5f1">
      <Execution id="9426f2bc-6058-434f-a21a-edbb6b384f3a" />
      <TestMethod codeBase="E:\3_1\IPZ\33\kursova\Test_to_kursova\bin\Debug\Test_to_kursova.dll" adapterTypeName="Microsoft.VisualStudio.TestTools.TestTypes.Unit.UnitTestAdapter" className="Test_to_kursova.SegmentTree" name="Search_min_on_less_zero_range_Success" />
    </UnitTest>
    <UnitTest name="Search_max_on_less_zero_range_Success" storage="e:\3_1\ipz\33\kursova\test_to_kursova\bin\debug\test_to_kursova.dll" id="6d83281c-b543-2643-79ab-cbb63330a3fc">
      <Execution id="1f0fcea5-3ec2-4172-a90d-71b4015bbc4b" />
      <TestMethod codeBase="E:\3_1\IPZ\33\kursova\Test_to_kursova\bin\Debug\Test_to_kursova.dll" adapterTypeName="Microsoft.VisualStudio.TestTools.TestTypes.Unit.UnitTestAdapter" className="Test_to_kursova.SegmentTree" name="Search_max_on_less_zero_range_Success" />
    </UnitTest>
  </TestDefinitions>
  <TestEntries>
    <TestEntry testId="b1ea82cb-6500-45bc-e1d4-2774e31e0297" executionId="b0059f8b-0eef-487f-a4c7-58114830e46f" testListId="8c84fa94-04c1-424b-9868-57a2d4851a1d" />
    <TestEntry testId="6cc5f864-0874-7ef7-afb1-6a89b2ad8c3b" executionId="39e870d5-e12c-4e1c-adc0-f7d371e33601" testListId="8c84fa94-04c1-424b-9868-57a2d4851a1d" />
    <TestEntry testId="ec3657f5-3480-4640-906c-f2e7d893c63f" executionId="ca52d3bb-1d64-4509-aa67-4ef85df00126" testListId="8c84fa94-04c1-424b-9868-57a2d4851a1d" />
    <TestEntry testId="594a4e98-a7d0-6ed6-2271-88a79f791ba2" executionId="7b2e5008-9f59-42b1-90b3-52eeb622d6e5" testListId="8c84fa94-04c1-424b-9868-57a2d4851a1d" />
    <TestEntry testId="677cc7bc-c77c-ab41-8558-26fbf85e30d9" executionId="9b5bccd7-2789-441b-a742-d844420f9516" testListId="8c84fa94-04c1-424b-9868-57a2d4851a1d" />
    <TestEntry testId="6e558a0d-822e-2d8f-9d9c-7c3139cb7a94" executionId="b3e24d1a-41f7-427d-9f5a-6e96707787f0" testListId="8c84fa94-04c1-424b-9868-57a2d4851a1d" />
    <TestEntry testId="764bf849-4a2c-0d04-b463-8a28a2780bd4" executionId="0ec4b202-4168-4735-836b-0a7289c808db" testListId="8c84fa94-04c1-424b-9868-57a2d4851a1d" />
    <TestEntry testId="f16fe30e-19f8-0573-8146-d33d1a6c1d97" executionId="6d055b03-5d4d-4eba-a108-af343602f259" testListId="8c84fa94-04c1-424b-9868-57a2d4851a1d" />
    <TestEntry testId="5e9a3f48-9e15-d132-3e5d-d05db1847c80" executionId="bc30369a-395a-43ae-9c8e-37ed4f5aabc2" testListId="8c84fa94-04c1-424b-9868-57a2d4851a1d" />
    <TestEntry testId="2f410aca-2dcd-d4dd-5a7b-5e01e8db18ab" executionId="125d36aa-9177-49b5-aeeb-56918c854681" testListId="8c84fa94-04c1-424b-9868-57a2d4851a1d" />
    <TestEntry testId="3c679210-26b0-75b2-3cc9-f4fcfa235a48" executionId="72dcafd1-fc3b-4494-b14c-181b1ae44898" testListId="8c84fa94-04c1-424b-9868-57a2d4851a1d" />
    <TestEntry testId="a3718bcb-6a0d-24ba-1542-46b813a705b9" executionId="d8d1a9bf-6221-45a1-860a-59560425fed0" testListId="8c84fa94-04c1-424b-9868-57a2d4851a1d" />
    <TestEntry testId="d8b8fb80-3dbf-68ae-7acf-4e2e5ab8f625" executionId="e4722040-4a06-45dc-be62-4d22a185d786" testListId="8c84fa94-04c1-424b-9868-57a2d4851a1d" />
    <TestEntry testId="d15b303d-74d9-6181-a336-fa33b27af5f1" executionId="9426f2bc-6058-434f-a21a-edbb6b384f3a" testListId="8c84fa94-04c1-424b-9868-57a2d4851a1d" />
    <TestEntry testId="6d83281c-b543-2643-79ab-cbb63330a3fc" executionId="1f0fcea5-3ec2-4172-a90d-71b4015bbc4b" testListId="8c84fa94-04c1-424b-9868-57a2d4851a1d" />
  </TestEntries>
  <TestLists>
    <TestList name="Results Not in a List" id="8c84fa94-04c1-424b-9868-57a2d4851a1d" />
    <TestList name="All Loaded Results" id="19431567-8539-422a-85d7-44ee4e166bda" />
  </TestLists>
  <ResultSummary outcome="Completed">
    <Counters total="15" executed="15" passed="15" failed="0" error="0" timeout="0" aborted="0" inconclusive="0" passedButRunAborted="0" notRunnable="0" notExecuted="0" disconnected="0" warning="0" completed="0" inProgress="0" pending="0" />
  </ResultSummary>
</TestRun>